2026-03-31 09:32:06 [info]: Chamada recebida: POST /customers/
2026-03-31 09:32:06 [info]: [CREATE] Iniciando criação para o cliente: Maria Oliveira
2026-03-31 09:32:06 [warn]: [CREATE] Tentativa de duplicidade de documento: 93363604009
2026-03-31 09:32:34 [info]: Chamada recebida: POST /customers/
2026-03-31 09:32:34 [info]: [CREATE] Iniciando criação para o cliente: Maria Oliveira
2026-03-31 09:32:34 [warn]: [CREATE] Tentativa de duplicidade de documento: 76295767060
2026-03-31 09:34:42 [info]: Chamada recebida: POST /customers/
2026-03-31 09:36:44 [info]: Chamada recebida: POST /customers/
2026-03-31 09:36:44 [info]: [CREATE] Iniciando criação para o cliente: Maria Oliveira
2026-03-31 09:36:44 [warn]: [CREATE] Tentativa de duplicidade de documento: 76295767060
2026-03-31 09:37:30 [info]: Chamada recebida: POST /customers/
2026-03-31 09:37:30 [info]: [CREATE] Iniciando criação para o cliente: Maria Oliveira
2026-03-31 09:37:30 [warn]: [CREATE] Tentativa de duplicidade de documento: 76295767060
2026-03-31 09:39:56 [info]: Chamada recebida: POST /customers/
2026-03-31 09:39:56 [info]: [CREATE] Iniciando criação para o cliente: Maria Oliveira
2026-03-31 09:39:57 [info]: [CREATE] Cliente criado com sucesso! ID: 1
2026-03-31 09:41:26 [info]: Chamada recebida: POST /customers/
2026-03-31 09:42:35 [info]: Chamada recebida: POST /customers/
2026-03-31 09:44:54 [info]: Chamada recebida: POST /customers/
2026-03-31 09:47:58 [info]: Chamada recebida: POST /customers/
2026-03-31 09:47:58 [info]: [CREATE] Iniciando criação para o cliente: Dr. Arnaldo Silva
2026-03-31 09:47:58 [error]: [CREATE] Falha ao criar cliente: Documento (CPF/CNPJ) '852302613043' inválido.
2026-03-31 09:48:25 [info]: Chamada recebida: POST /customers/
2026-03-31 09:48:25 [info]: [CREATE] Iniciando criação para o cliente: Dr. Arnaldo Silva
2026-03-31 09:48:25 [error]: [CREATE] Falha ao criar cliente: Documento (CPF/CNPJ) '63398007092' inválido.
2026-03-31 09:49:27 [info]: Chamada recebida: GET /customers/
2026-03-31 09:49:27 [info]: [LIST] Listagem solicitada. Filtros: {}
2026-03-31 09:49:45 [info]: Chamada recebida: POST /customers/
2026-03-31 09:49:45 [info]: [CREATE] Iniciando criação para o cliente: Dr. Arnaldo Silva
2026-03-31 09:49:45 [info]: [CREATE] Cliente criado com sucesso! ID: 2
2026-03-31 09:49:50 [info]: Chamada recebida: GET /customers/
2026-03-31 09:49:50 [info]: [LIST] Listagem solicitada. Filtros: {}
2026-03-31 09:56:07 [info]: Chamada recebida: GET /customers/1
2026-03-31 09:56:07 [info]: [GET] Buscando cliente ID: 1
2026-03-31 09:56:24 [info]: Chamada recebida: GET /customers/
2026-03-31 09:56:24 [info]: [LIST] Listagem solicitada. Filtros: {}
2026-03-31 09:56:29 [info]: Chamada recebida: GET /customers/2
2026-03-31 09:56:29 [info]: [GET] Buscando cliente ID: 2
2026-03-31 09:58:04 [info]: Chamada recebida: GET /customers?customer_name=Silva
2026-03-31 09:58:04 [info]: [LIST] Listagem solicitada. Filtros: {"customer_name":"Silva"}
2026-03-31 09:59:07 [info]: Chamada recebida: PATCH /customers/2
2026-03-31 09:59:07 [info]: [UPDATE] Tentativa de atualização para o ID: 2
2026-03-31 09:59:07 [info]: [UPDATE] Cliente ID: 2 atualizado com sucesso.
2026-03-31 09:59:19 [info]: Chamada recebida: PATCH /customers/3
2026-03-31 09:59:19 [info]: [UPDATE] Tentativa de atualização para o ID: 3
2026-03-31 09:59:19 [error]: [UPDATE] Erro na atualização do ID 3: Cliente não encontrado para atualização.
2026-03-31 09:59:49 [info]: Chamada recebida: DELETE /customers/999
2026-03-31 09:59:49 [info]: [REMOVE] Solicitando exclusão do ID: 999
2026-03-31 09:59:49 [error]: [REMOVE] Erro ao excluir cliente 999: Não foi possível excluir: Cliente inexistente.
2026-03-31 10:00:22 [info]: Chamada recebida: DELETE /customers/1
2026-03-31 10:00:22 [info]: [REMOVE] Solicitando exclusão do ID: 1
2026-03-31 10:00:22 [info]: [REMOVE] Cliente ID: 1 removido do sistema.
2026-03-31 10:00:29 [info]: Chamada recebida: GET /customers/
2026-03-31 10:00:29 [info]: [LIST] Listagem solicitada. Filtros: {}
2026-03-31 16:54:42 [info]: Chamada recebida: POST /products [object Object]
2026-03-31 16:54:42 [error]: [CONTROLLER] Erro ao criar produto: 
Invalid `prisma.product.create()` invocation in
C:\Users\wallace\Desktop\projetos\Santa Casa\service-host\src\repositories\ProductRepository.ts:27:34

  24   [ProductKeys.EXPIRY_DATE]: expiryDate,
  25 };
  26 
→ 27 return (await prisma.product.create({
       data: {
         product_sap_code: "SAP-MED-001",
         product_name: "Dipirona 500mg",
         product_lot: "LOTE2024-X",
         product_quantity: 100,
         product_unit_val: 2.5,
         product_category: 1,
                           ~
         product_expiry_date: new Date("2027-12-31T00:00:00.000Z"),
         product_min_quantity: 15,
         product_location: 4,
         product_total_val: 250
       }
     })

Argument `product_category`: Invalid value provided. Expected String, provided Int.
2026-03-31 16:57:19 [info]: Chamada recebida: POST /products [object Object]
2026-03-31 16:57:19 [error]: [CONTROLLER] Erro ao criar produto: 
Invalid `prisma.product.create()` invocation in
C:\Users\wallace\Desktop\projetos\Santa Casa\service-host\src\repositories\ProductRepository.ts:27:34

  24   [ProductKeys.EXPIRY_DATE]: expiryDate,
  25 };
  26 
→ 27 return (await prisma.product.create({
       data: {
         product_sap_code: "SAP-MED-001",
         product_name: "Dipirona 500mg",
         product_lot: "LOTE2024-X",
         product_quantity: 100,
         product_unit_val: 2.5,
         product_category: 1,
                           ~
         product_expiry_date: new Date("2027-12-31T00:00:00.000Z"),
         product_min_quantity: 15,
         product_location: 4,
         product_total_val: 250
       }
     })

Argument `product_category`: Invalid value provided. Expected String, provided Int.
2026-03-31 16:59:38 [info]: Chamada recebida: POST /products [object Object]
2026-03-31 17:01:16 [info]: Chamada recebida: PATCH /products/1 [object Object]
2026-03-31 17:02:02 [info]: Chamada recebida: POST /products [object Object]
2026-03-31 17:02:02 [warn]: [SERVICE] Bloqueio de produto vencido: Remédio Vencido
2026-03-31 17:02:02 [error]: [CONTROLLER] Erro ao criar produto: Validade retroativa não permitida.
2026-03-31 17:02:34 [info]: Chamada recebida: GET /products?product_category=1 [object Object]
2026-03-31 17:02:34 [error]: [CONTROLLER] Erro ao listar produtos: 
Invalid `prisma.product.findMany()` invocation in
C:\Users\wallace\Desktop\projetos\Santa Casa\service-host\src\repositories\ProductRepository.ts:45:34

  42   }
  43 });
  44 
→ 45 return (await prisma.product.findMany({
       where: {
         product_category: "1"
                           ~~~
       },
       orderBy: {
         product_name: "asc"
       }
     })

Argument `product_category`: Invalid value provided. Expected IntFilter or Int, provided String.
2026-03-31 17:06:29 [info]: Chamada recebida: GET /products?product_category=1 [object Object]
2026-03-31 17:07:31 [info]: Chamada recebida: POST /products [object Object]
2026-03-31 18:45:31 [info]: Chamada recebida: GET /products?page=1&limit=2 [object Object]
2026-03-31 18:46:12 [info]: Chamada recebida: GET /products [object Object]
2026-03-31 18:46:30 [info]: Chamada recebida: GET /products?page=1&limit=2 [object Object]
2026-03-31 18:46:56 [info]: Chamada recebida: GET /transactions?type=2 [object Object]
2026-03-31 19:42:24 [info]: Chamada recebida: POST /auth/login [object Object]
2026-03-31 19:42:48 [info]: Chamada recebida: POST /auth/login [object Object]
2026-03-31 19:48:58 [info]: Chamada recebida: GET /api-docs [object Object]
2026-03-31 19:52:17 [info]: Chamada recebida: GET /api-docs [object Object]
2026-03-31 19:52:17 [info]: Chamada recebida: GET /api-docs/ [object Object]
2026-03-31 19:52:17 [info]: Chamada recebida: GET /api-docs/swagger-ui.css [object Object]
2026-03-31 19:52:17 [info]: Chamada recebida: GET /api-docs/swagger-ui-bundle.js [object Object]
2026-03-31 19:52:17 [info]: Chamada recebida: GET /api-docs/swagger-ui-standalone-preset.js [object Object]
2026-03-31 19:52:17 [info]: Chamada recebida: GET /api-docs/swagger-ui-init.js [object Object]
2026-03-31 19:52:17 [info]: Chamada recebida: GET /api-docs/favicon-32x32.png [object Object]
2026-03-31 19:53:03 [info]: Chamada recebida: POST /auth/login [object Object]
2026-03-31 19:53:17 [info]: Chamada recebida: GET /customers?page=1&limit=10 [object Object]
2026-03-31 19:53:17 [info]: [LIST] Listagem solicitada. Filtros: {"page":"1","limit":"10"}
2026-03-31 19:53:18 [error]: [REPOSITORY] Erro ao buscar no banco: 
Invalid `prisma.customer.findMany()` invocation in
C:\Users\wallace\Desktop\projetos\Santa Casa\service-host\src\repositories\CustomerRepository.ts:42:45

  39 });
  40 
  41 try {
→ 42   const results = await prisma.customer.findMany({
         where: {
           page: "1",
           ~~~~
           limit: "10",
       ?   AND?: CustomerWhereInput | CustomerWhereInput[],
       ?   OR?: CustomerWhereInput[],
       ?   NOT?: CustomerWhereInput | CustomerWhereInput[],
       ?   customer_id?: IntFilter | Int,
       ?   customer_name?: StringFilter | String,
       ?   customer_email?: StringFilter | String,
       ?   customer_tax_id?: StringFilter | String,
       ?   customer_registration_date?: DateTimeFilter | DateTime,
       ?   customer_city?: StringFilter | String,
       ?   customer_state?: StringFilter | String,
       ?   customer_state_registration?: StringNullableFilter | String | Null,
       ?   customer_municipal_registration?: StringNullableFilter | String | Null,
       ?   transactions?: TransactionListRelationFilter
         }
       })

Unknown argument `page`. Available options are marked with ?.
2026-03-31 19:53:18 [error]: [LIST] Erro ao listar clientes: 
Invalid `prisma.customer.findMany()` invocation in
C:\Users\wallace\Desktop\projetos\Santa Casa\service-host\src\repositories\CustomerRepository.ts:42:45

  39 });
  40 
  41 try {
→ 42   const results = await prisma.customer.findMany({
         where: {
           page: "1",
           ~~~~
           limit: "10",
       ?   AND?: CustomerWhereInput | CustomerWhereInput[],
       ?   OR?: CustomerWhereInput[],
       ?   NOT?: CustomerWhereInput | CustomerWhereInput[],
       ?   customer_id?: IntFilter | Int,
       ?   customer_name?: StringFilter | String,
       ?   customer_email?: StringFilter | String,
       ?   customer_tax_id?: StringFilter | String,
       ?   customer_registration_date?: DateTimeFilter | DateTime,
       ?   customer_city?: StringFilter | String,
       ?   customer_state?: StringFilter | String,
       ?   customer_state_registration?: StringNullableFilter | String | Null,
       ?   customer_municipal_registration?: StringNullableFilter | String | Null,
       ?   transactions?: TransactionListRelationFilter
         }
       })

Unknown argument `page`. Available options are marked with ?.
2026-03-31 19:55:50 [info]: Chamada recebida: GET /customers?page=1&limit=10 [object Object]
2026-03-31 19:55:50 [info]: [LIST] Listagem solicitada. Filtros: {"page":"1","limit":"10"}
2026-03-31 19:56:10 [info]: Chamada recebida: POST /customers [object Object]
2026-03-31 19:56:10 [info]: [CREATE] Iniciando criação para o cliente: Joana Cliente
2026-03-31 19:56:10 [error]: [CREATE] Falha ao criar cliente: Documento (CPF/CNPJ) '11122233344' inválido.
2026-03-31 19:56:30 [info]: Chamada recebida: DELETE /customers/2 [object Object]
2026-03-31 19:56:30 [info]: [REMOVE] Solicitando exclusão do ID: 2
2026-03-31 19:56:30 [info]: [REMOVE] Cliente ID: 2 removido do sistema.
2026-03-31 19:56:40 [info]: Chamada recebida: GET /products?page=1&limit=10 [object Object]
2026-03-31 19:56:59 [info]: Chamada recebida: GET /products?page=1&limit=10&product_name=Dipiron [object Object]
2026-03-31 19:57:10 [info]: Chamada recebida: POST /products [object Object]
2026-03-31 19:57:10 [warn]: [SERVICE] SAP Code duplicado bloqueado: SAP-DIP-500
2026-03-31 19:57:10 [error]: [CONTROLLER] Erro ao criar produto: O Código SAP SAP-DIP-500 já está cadastrado.
2026-03-31 19:57:18 [info]: Chamada recebida: POST /products [object Object]
2026-03-31 19:57:35 [info]: Chamada recebida: GET /products/6 [object Object]
2026-03-31 19:57:44 [info]: Chamada recebida: GET /transactions?page=1&limit=10 [object Object]
2026-03-31 19:58:02 [info]: Chamada recebida: POST /transactions [object Object]
2026-03-31 19:58:02 [error]: [CONTROLLER] Erro na transação: Produto ID 1 não encontrado.
2026-03-31 20:05:22 [info]: Chamada recebida: GET /api-docs/ [object Object]
2026-03-31 20:05:22 [info]: Chamada recebida: GET /api-docs/swagger-ui.css [object Object]
2026-03-31 20:05:22 [info]: Chamada recebida: GET /api-docs/swagger-ui-bundle.js [object Object]
2026-03-31 20:05:22 [info]: Chamada recebida: GET /api-docs/swagger-ui-standalone-preset.js [object Object]
2026-03-31 20:05:22 [info]: Chamada recebida: GET /api-docs/swagger-ui-init.js [object Object]
2026-03-31 20:05:35 [info]: Chamada recebida: GET /transactions?page=1&limit=10 [object Object]
